Removed Member From Class: ClassName=schematic Member=J?
Added Component: Designator=J1(TE_2-87220-0)
Add component (AddParameter): Name = "Availability"; Value = "Warning"; VariantName = "[No Variations]"
Add component (AddParameter): Name = "Centerline_Pitch"; Value = "2.54 mm[.1 in]"; VariantName = "[No Variations]"
Add component (AddParameter): Name = "Check_prices"; Value = "  "; VariantName = "[No Variations]"
Add component (AddParameter): Name = "EU_RoHS_Compliance"; Value = "Compliant"; VariantName = "[No Variations]"
Add component (AddParameter): Name = "MF"; Value = "TE Connectivity"; VariantName = "[No Variations]"
Add component (AddParameter): Name = "MP"; Value = "2-87220-0"; VariantName = "[No Variations]"
Add component (AddParameter): Name = "Number_of_Positions"; Value = "20"; VariantName = "[No Variations]"
Add component (AddParameter): Name = "Package"; Value = "None"; VariantName = "[No Variations]"
Add component (AddParameter): Name = "Price"; Value = "None"; VariantName = "[No Variations]"
Add component (AddParameter): Name = "Product_Type"; Value = "Connector"; VariantName = "[No Variations]"
Add component (AddParameter): Name = "Purchase-URL"; Value = "https://pricing.snapeda.com/search/part/2-87220-0/?ref=eda"; VariantName = "[No Variations]"
Add component (AddParameter): Name = "SnapEDA_Link"; Value = "https://www.snapeda.com/parts/2-87220-0/TE%20Connectivity%20AMP%20Connectors/view-part/397035/?ref=snap"; VariantName = "[No Variations]"
Add component (AddParameter): Name = "Value"; Value = ""; VariantName = "[No Variations]"
Added Pin To Net: NetName=VBAT Pin=J1-1
Added Pin To Net: NetName=PC13 Pin=J1-2
Added Pin To Net: NetName=PC14 Pin=J1-3
Added Pin To Net: NetName=PC15 Pin=J1-4
Added Pin To Net: NetName=PA0 Pin=J1-5
Added Pin To Net: NetName=PA1 Pin=J1-6
Added Pin To Net: NetName=PA2 Pin=J1-7
Added Pin To Net: NetName=PA3 Pin=J1-8
Added Pin To Net: NetName=PA4 Pin=J1-9
Added Pin To Net: NetName=PA5 Pin=J1-10
Added Pin To Net: NetName=PA6 Pin=J1-11
Added Pin To Net: NetName=PA7 Pin=J1-12
Added Pin To Net: NetName=PB0 Pin=J1-13
Added Pin To Net: NetName=PB1 Pin=J1-14
Added Pin To Net: NetName=PB10 Pin=J1-15
Added Pin To Net: NetName=PB11 Pin=J1-16
Added Pin To Net: NetName=NRST Pin=J1-17
Added Pin To Net: NetName=VCC3V3 Pin=J1-18
Added Pin To Net: NetName=GND Pin=J1-19
Added Pin To Net: NetName=GND Pin=J1-20
