Added Component: Designator=D3(DIODE 1A)
Add component (AddParameter): Name = "Chung_Loai"; Value = "C?m"; VariantName = "[No Variations]"
Add component (AddParameter): Name = "Don_Vi"; Value = "Con"; VariantName = "[No Variations]"
Add component (AddParameter): Name = "Ghi Chu"; Value = ""; VariantName = "[No Variations]"
Add component (AddParameter): Name = "Kieu_Chan"; Value = ""; VariantName = "[No Variations]"
Add component (AddParameter): Name = "Ma_Hang"; Value = "MH001063"; VariantName = "[No Variations]"
Add component (AddParameter): Name = "Ten_Linh_Kien"; Value = "Diode 1N4007 1A (DIP)"; VariantName = "[No Variations]"
Added Component: Designator=LS1(Coi Chip Speacker)
Added Component: Designator=Q1(TO92)
Add component (AddParameter): Name = "Value"; Value = "C9014"; VariantName = "[No Variations]"
Added Component: Designator=R18(tro vach 1/2w)
Add component (AddParameter): Name = "Chung_Loai"; Value = "C?m"; VariantName = "[No Variations]"
Add component (AddParameter): Name = "Don_Vi"; Value = "Con"; VariantName = "[No Variations]"
Add component (AddParameter): Name = "Kieu_Chan"; Value = ""; VariantName = "[No Variations]"
Add component (AddParameter): Name = "Ma_Hang"; Value = "MH006198"; VariantName = "[No Variations]"
Add component (AddParameter): Name = "So_Chan"; Value = "2"; VariantName = "[No Variations]"
Add component (AddParameter): Name = "Ten_Linh_Kien"; Value = "Tr? 5% 1/2w 4.7k"; VariantName = "[No Variations]"
Added Pin To Net: NetName=VCC3V3 Pin=D3-1
Added Pin To Net: NetName=VCC3V3 Pin=D3-2
Added Pin To Net: NetName=OUT Pin=H1-3
Added Pin To Net: NetName=OUT Pin=J1-7
Added Pin To Net: NetName=VCC3V3 Pin=LS1-1
Added Pin To Net: NetName=D0 Pin=Q1-1
Added Pin To Net: NetName=PA1 Pin=R18-1
Added Pin To Net: NetName=OUT Pin=U1-12
Added Pin To Net: NetName=NetLS1_2 Pin=LS1-2
Added Pin To Net: NetName=NetLS1_2 Pin=Q1-2
Added Net: Name=NetLS1_2
Added Pin To Net: NetName=NetQ1_3 Pin=Q1-3
Added Pin To Net: NetName=NetQ1_3 Pin=R18-2
Added Net: Name=NetQ1_3
Added Member To Class: ClassName=schematic Member=Component D3 1N4007
Added Member To Class: ClassName=schematic Member=Component H1 SWD
Added Member To Class: ClassName=schematic Member=Component LS1 Coi báo
Added Member To Class: ClassName=schematic Member=Component Q1 C1815
Added Member To Class: ClassName=schematic Member=Component R18 4.7K
